d:\project repos\directxengine\directxengine\x64\debug\vc143.pdb
d:\project repos\directxengine\directxengine\x64\debug\vc143.idb
d:\project repos\directxengine\directxengine\x64\debug\systemclass.obj
d:\project repos\directxengine\directxengine\x64\debug\main.obj
d:\project repos\directxengine\directxengine\x64\debug\inputclass.obj
d:\project repos\directxengine\directxengine\x64\debug\applicationclass.obj
d:\project repos\directxengine\directxengine\x64\debug\d3dclass.obj
d:\project repos\directxengine\directxengine\x64\debug\modelclass.obj
d:\project repos\directxengine\directxengine\x64\debug\colorshaderclass.obj
d:\project repos\directxengine\directxengine\x64\debug\cameraclass.obj
d:\project repos\directxengine\directxengine\x64\debug\textureclass.obj
d:\project repos\directxengine\directxengine\x64\debug\textureshaderclass.obj
d:\project repos\directxengine\directxengine\x64\debug\lightshaderclass.obj
d:\project repos\directxengine\directxengine\x64\debug\lightclass.obj
d:\project repos\directxengine\directxengine\x64\debug\utils.obj
d:\project repos\directxengine\directxengine\x64\debug\timerclass.obj
d:\project repos\directxengine\directxengine\x64\debug\spriteclass.obj
d:\project repos\directxengine\directxengine\x64\debug\fontclass.obj
d:\project repos\directxengine\directxengine\x64\debug\textclass.obj
d:\project repos\directxengine\directxengine\x64\debug\fontshaderclass.obj
d:\project repos\directxengine\directxengine\x64\debug\fpsclass.obj
d:\project repos\directxengine\directxengine\x64\debug\multitextureshaderclass.obj
d:\project repos\directxengine\directxengine\x64\debug\lightmapshaderclass.obj
d:\project repos\directxengine\directxengine\x64\debug\alphamapshaderclass.obj
d:\project repos\directxengine\directxengine\x64\debug\normalmapshaderclass.obj
d:\project repos\directxengine\directxengine\x64\debug\specmapshaderclass.obj
d:\project repos\directxengine\directxengine\x64\debug\shadermanagerclass.obj
d:\project repos\directxengine\directxengine\x64\debug\modellistclass.obj
d:\project repos\directxengine\directxengine\x64\debug\frustumclass.obj
d:\project repos\directxengine\directxengine\x64\debug\positionclass.obj
d:\project repos\directxengine\directxengine\x64\debug\rendertextureclass.obj
d:\project repos\directxengine\directxengine\x64\debug\displayplaneclass.obj
d:\project repos\directxengine\directxengine\x64\debug\fogshaderclass.obj
d:\project repos\directxengine\directxengine\x64\debug\clipplaneshaderclass.obj
d:\project repos\directxengine\directxengine\x64\debug\translateshaderclass.obj
d:\project repos\directxengine\directxengine\x64\debug\transparentshaderclass.obj
d:\project repos\directxengine\directxengine\x64\debug\reflectionshaderclass.obj
d:\project repos\directxengine\directxengine\x64\debug\watershaderclass.obj
d:\project repos\directxengine\directxengine\x64\debug\refractionshaderclass.obj
d:\project repos\directxengine\directxengine\x64\debug\glassshaderclass.obj
d:\project repos\directxengine\directxengine\x64\debug\depthshaderclass.obj
d:\project repos\directxengine\directxengine\x64\debug\particlesystemclass.obj
d:\project repos\directxengine\directxengine\x64\debug\particleshaderclass.obj
d:\project repos\directxengine\directxengine\x64\debug\viewpointclass.obj
d:\project repos\directxengine\directxengine\x64\debug\projectionshaderclass.obj
d:\project repos\directxengine\directxengine\x64\debug\shadowshaderclass.obj
d:\project repos\directxengine\directxengine\x64\debug\lightdata.obj
d:\project repos\directxengine\x64\debug\directxengine.exe
d:\project repos\directxengine\x64\debug\directxengine.pdb
d:\project repos\directxengine\directxengine\x64\debug\directxengine.ilk
d:\project repos\directxengine\directxengine\x64\debug\bitmapclass.obj
d:\project repos\directxengine\directxengine\x64\debug\applicationclass.obj.enc
d:\project repos\directxengine\directxengine\x64\debug\colorshaderclass.obj.enc
d:\project repos\directxengine\directxengine\x64\debug\lightshaderclass.obj.enc
d:\project repos\directxengine\directxengine\x64\debug\main.obj.enc
d:\project repos\directxengine\directxengine\x64\debug\modelclass.obj.enc
d:\project repos\directxengine\directxengine\x64\debug\textureshaderclass.obj.enc
d:\project repos\directxengine\directxengine\x64\debug\directxengine.tlog\cl.command.1.tlog
d:\project repos\directxengine\directxengine\x64\debug\directxengine.tlog\cl.items.tlog
d:\project repos\directxengine\directxengine\x64\debug\directxengine.tlog\cl.read.1.tlog
d:\project repos\directxengine\directxengine\x64\debug\directxengine.tlog\cl.write.1.tlog
d:\project repos\directxengine\directxengine\x64\debug\directxengine.tlog\fxc.command.1.tlog
d:\project repos\directxengine\directxengine\x64\debug\directxengine.tlog\fxc.read.1.tlog
d:\project repos\directxengine\directxengine\x64\debug\directxengine.tlog\link.command.1.tlog
d:\project repos\directxengine\directxengine\x64\debug\directxengine.tlog\link.read.1.tlog
d:\project repos\directxengine\directxengine\x64\debug\directxengine.tlog\link.secondary.1.tlog
d:\project repos\directxengine\directxengine\x64\debug\directxengine.tlog\link.write.1.tlog
